// Jest Snapshot v1, https://goo.gl/fbAQLP

exports[`RadioButton should render component 1`] = `
<View
  accessibilityRole="checkbox"
  accessibilityState={
    {
      "busy": undefined,
      "checked": true,
      "disabled": undefined,
      "expanded": undefined,
      "selected": undefined,
    }
  }
  accessibilityValue={
    {
      "max": undefined,
      "min": undefined,
      "now": undefined,
      "text": undefined,
    }
  }
  accessible={true}
  collapsable={false}
  focusable={true}
  onBlur={[Function]}
  onClick={[Function]}
  onFocus={[Function]}
  onResponderGrant={[Function]}
  onResponderMove={[Function]}
  onResponderRelease={[Function]}
  onResponderTerminate={[Function]}
  onResponderTerminationRequest={[Function]}
  onStartShouldSetResponder={[Function]}
  style={
    {
      "alignItems": "center",
      "flexDirection": "row",
    }
  }
  testID="btnRadio"
>
  <View
    style={
      [
        {
          "alignItems": "center",
          "borderRadius": 4,
          "borderWidth": 2,
          "height": 20,
          "justifyContent": "center",
          "width": 20,
        },
        {
          "backgroundColor": undefined,
          "borderColor": undefined,
        },
        {
          "borderRadius": 9999,
        },
        undefined,
      ]
    }
  >
    <View
      style={
        {
          "opacity": undefined,
        }
      }
    >
      <RNSVGSvgView
        align="xMidYMid"
        bbHeight="16"
        bbWidth="16"
        fill="#FBFAFF"
        focusable={false}
        height={16}
        meetOrSlice={0}
        minX={0}
        minY={0}
        style={
          [
            {
              "backgroundColor": "transparent",
              "borderWidth": 0,
            },
            {
              "flex": 0,
              "height": 16,
              "width": 16,
            },
          ]
        }
        vbHeight={24}
        vbWidth={24}
        width={16}
      >
        <RNSVGGroup
          fill={
            {
              "payload": 4294703871,
              "type": 0,
            }
          }
          propList={
            [
              "fill",
            ]
          }
        >
          <RNSVGPath
            clipRule={0}
            d="M18.207 7.293a1 1 0 0 1 0 1.414l-8 8a1 1 0 0 1-1.414 0l-3-3a1 1 0 1 1 1.414-1.414L9.5 14.586l7.293-7.293a1 1 0 0 1 1.414 0Z"
            fill={
              {
                "payload": 4278190080,
                "type": 0,
              }
            }
            fillRule={0}
            propList={
              [
                "fillRule",
              ]
            }
          />
        </RNSVGGroup>
      </RNSVGSvgView>
    </View>
  </View>
</View>
`;
